> Task :app:checkKotlinGradlePluginConfigurationErrors
> Task :app:preBuild UP-TO-DATE
> Task :app:preDebugBuild UP-TO-DATE
> Task :app:dataBindingMergeDependencyArtifactsDebug UP-TO-DATE
> Task :app:generateDebugResValues UP-TO-DATE
> Task :app:generateDebugResources UP-TO-DATE
> Task :app:mergeDebugResources UP-TO-DATE
> Task :app:packageDebugResources UP-TO-DATE
> Task :app:parseDebugLocalResources UP-TO-DATE
> Task :app:dataBindingGenBaseClassesDebug UP-TO-DATE
> Task :app:checkDebugAarMetadata UP-TO-DATE
> Task :app:mapDebugSourceSetPaths UP-TO-DATE
> Task :app:createDebugCompatibleScreenManifests UP-TO-DATE
> Task :app:extractDeepLinksDebug UP-TO-DATE
> Task :app:processDebugMainManifest UP-TO-DATE
> Task :app:processDebugManifest UP-TO-DATE
> Task :app:processDebugManifestForPackage UP-TO-DATE
> Task :app:processDebugResources UP-TO-DATE

> Task :app:kspDebugKotlin FAILED
./gradlew : e: file:///C:/Users/ishal/.gemini/anti
gravity/scratch/digitalized_donation_box/app/src/m
ain/java/com/example/donationbox/vision/CurrencyAn
alyzer.kt:181:9 Expecting member declaration
At line:1 char:63
+ ...  Studio\jbr"; ./gradlew 
app:compileDebugKotlin > build_error.log 2>&1
+                   ~~~~~~~~~~~~~~~~~~~~~~~~~~~~~~
~~~~~~~~~~~~~~~~~~~~~~~~~
    + CategoryInfo          : NotSpecified: (e: 
fil    e:///C:/U...ber declaration:String) [], 
RemoteE    xception
    + FullyQualifiedErrorId : NativeCommandError
 
e: file:///C:/Users/ishal/.gemini/antigravity/scra
tch/digitalized_donation_box/app/src/main/java/com
/example/donationbox/vision/CurrencyAnalyzer.kt:18
1:17 Expecting member declaration
e: file:///C:/Users/ishal/.gemini/antigravity/scra
tch/digitalized_donation_box/app/src/main/java/com
/example/donationbox/vision/CurrencyAnalyzer.kt:18
1:18 Expecting member declaration
e: file:///C:/Users/ishal/.gemini/antigravity/scra
tch/digitalized_donation_box/app/src/main/java/com
/example/donationbox/vision/CurrencyAnalyzer.kt:18
1:27 Expecting member declaration
e: file:///C:/Users/ishal/.gemini/antigravity/scra
tch/digitalized_donation_box/app/src/main/java/com
/example/donationbox/vision/CurrencyAnalyzer.kt:18
1:29 Expecting member declaration
e: file:///C:/Users/ishal/.gemini/antigravity/scra
tch/digitalized_donation_box/app/src/main/java/com
/example/donationbox/vision/CurrencyAnalyzer.kt:18
1:37 Expecting member declaration
e: file:///C:/Users/ishal/.gemini/antigravity/scra
tch/digitalized_donation_box/app/src/main/java/com
/example/donationbox/vision/CurrencyAnalyzer.kt:18
3:1 Expecting a top level declaration

[Incubating] Problems report is available at: file:///C:/Users/ishal/.gemini/antigravity/scratch/digitalized_donation_box/build/reports/problems/problems-report.html

FAILURE: Build failed with an exception.

* What went wrong:
Execution failed for task ':app:kspDebugKotlin'.
> A failure occurred while executing org.jetbrains
.kotlin.compilerRunner.GradleCompilerRunnerWithWor
kers$GradleKotlinCompilerWorkAction
   > Compilation error. See log for more details

* Try:
> Run with --stacktrace option to get the stack 
trace.
> Run with --info or --debug option to get more 
log output.
> Run with --scan to get full insights.
> Get more help at https://help.gradle.org.

Deprecated Gradle features were used in this build, making it incompatible with Gradle 10.0.

You can use '--warning-mode all' to show the individual deprecation warnings and determine if they come from your own scripts or plugins.

For more on this, please refer to https://docs.gradle.org/9.0-milestone-1/userguide/command_line_interface.html#sec:command_line_warnings in the Gradle documentation.

BUILD FAILED in 4s
16 actionable tasks: 2 executed, 14 up-to-date
